---
source: workspaces/diff-engine/tests/bug-scenarios.rs
expression: "Dot::with_config(&spec_projection.shape().graph, &[])"
---
digraph {
    0 [ label = "CoreShape(\l    CoreShapeNode {\l        shape_id: \"$string\",\l        descriptor: CoreShapeNodeDescriptor {\l            kind: StringKind,\l        },\l    },\l)\l" ]
    1 [ label = "CoreShape(\l    CoreShapeNode {\l        shape_id: \"$number\",\l        descriptor: CoreShapeNodeDescriptor {\l            kind: NumberKind,\l        },\l    },\l)\l" ]
    2 [ label = "CoreShape(\l    CoreShapeNode {\l        shape_id: \"$boolean\",\l        descriptor: CoreShapeNodeDescriptor {\l            kind: BooleanKind,\l        },\l    },\l)\l" ]
    3 [ label = "CoreShape(\l    CoreShapeNode {\l        shape_id: \"$list\",\l        descriptor: CoreShapeNodeDescriptor {\l            kind: ListKind,\l        },\l    },\l)\l" ]
    4 [ label = "ShapeParameter(\l    ShapeParameterNode {\l        parameter_id: \"$listItem\",\l        descriptor: ShapeParameterNodeDescriptor,\l    },\l)\l" ]
    5 [ label = "CoreShape(\l    CoreShapeNode {\l        shape_id: \"$object\",\l        descriptor: CoreShapeNodeDescriptor {\l            kind: ObjectKind,\l        },\l    },\l)\l" ]
    6 [ label = "CoreShape(\l    CoreShapeNode {\l        shape_id: \"$nullable\",\l        descriptor: CoreShapeNodeDescriptor {\l            kind: NullableKind,\l        },\l    },\l)\l" ]
    7 [ label = "ShapeParameter(\l    ShapeParameterNode {\l        parameter_id: \"$nullableInner\",\l        descriptor: ShapeParameterNodeDescriptor,\l    },\l)\l" ]
    8 [ label = "CoreShape(\l    CoreShapeNode {\l        shape_id: \"$unknown\",\l        descriptor: CoreShapeNodeDescriptor {\l            kind: UnknownKind,\l        },\l    },\l)\l" ]
    9 [ label = "CoreShape(\l    CoreShapeNode {\l        shape_id: \"$optional\",\l        descriptor: CoreShapeNodeDescriptor {\l            kind: OptionalKind,\l        },\l    },\l)\l" ]
    10 [ label = "ShapeParameter(\l    ShapeParameterNode {\l        parameter_id: \"$optionalInner\",\l        descriptor: ShapeParameterNodeDescriptor,\l    },\l)\l" ]
    11 [ label = "CoreShape(\l    CoreShapeNode {\l        shape_id: \"$oneOf\",\l        descriptor: CoreShapeNodeDescriptor {\l            kind: OneOfKind,\l        },\l    },\l)\l" ]
    12 [ label = "Shape(\l    ShapeNode {\l        shape_id: \"shape_QDWTCba6JM\",\l    },\l)\l" ]
    13 [ label = "Shape(\l    ShapeNode {\l        shape_id: \"shape_eaAktz66rY\",\l    },\l)\l" ]
    14 [ label = "Shape(\l    ShapeNode {\l        shape_id: \"shape_pQvxnF8pzK\",\l    },\l)\l" ]
    15 [ label = "Field(\l    FieldNode {\l        field_id: \"field_Tubl0dSyKp\",\l        descriptor: FieldNodeDescriptor {\l            name: \"driverId\",\l        },\l    },\l)\l" ]
    16 [ label = "Shape(\l    ShapeNode {\l        shape_id: \"shape_xjqKoYgnH6\",\l    },\l)\l" ]
    17 [ label = "Shape(\l    ShapeNode {\l        shape_id: \"shape_iJajSC9l5W\",\l    },\l)\l" ]
    18 [ label = "Field(\l    FieldNode {\l        field_id: \"field_ZgQow0SS6x\",\l        descriptor: FieldNodeDescriptor {\l            name: \"driverId\",\l        },\l    },\l)\l" ]
    19 [ label = "Shape(\l    ShapeNode {\l        shape_id: \"shape_p5uOLpFNK8\",\l    },\l)\l" ]
    20 [ label = "Shape(\l    ShapeNode {\l        shape_id: \"shape_lhl794TnL5\",\l    },\l)\l" ]
    21 [ label = "Field(\l    FieldNode {\l        field_id: \"field_dcJtyX4lH0\",\l        descriptor: FieldNodeDescriptor {\l            name: \"rating\",\l        },\l    },\l)\l" ]
    22 [ label = "Shape(\l    ShapeNode {\l        shape_id: \"shape_GgIZ9GsJQm\",\l    },\l)\l" ]
    23 [ label = "Shape(\l    ShapeNode {\l        shape_id: \"shape_Z4UKWHMaIx\",\l    },\l)\l" ]
    24 [ label = "Field(\l    FieldNode {\l        field_id: \"field_m1iuljZLRJ\",\l        descriptor: FieldNodeDescriptor {\l            name: \"error\",\l        },\l    },\l)\l" ]
    25 [ label = "Shape(\l    ShapeNode {\l        shape_id: \"shape_tavNflZKsw\",\l    },\l)\l" ]
    26 [ label = "Field(\l    FieldNode {\l        field_id: \"field_dZ1hPWdKA3\",\l        descriptor: FieldNodeDescriptor {\l            name: \"message\",\l        },\l    },\l)\l" ]
    27 [ label = "Shape(\l    ShapeNode {\l        shape_id: \"shape_T0WnrnVHU2\",\l    },\l)\l" ]
    28 [ label = "Field(\l    FieldNode {\l        field_id: \"field_nZPLYXVLoE\",\l        descriptor: FieldNodeDescriptor {\l            name: \"statusCode\",\l        },\l    },\l)\l" ]
    29 [ label = "Shape(\l    ShapeNode {\l        shape_id: \"shape_qxsk3PMiAC\",\l    },\l)\l" ]
    30 [ label = "Field(\l    FieldNode {\l        field_id: \"field_fFNfMm41ym\",\l        descriptor: FieldNodeDescriptor {\l            name: \"rating\",\l        },\l    },\l)\l" ]
    31 [ label = "Shape(\l    ShapeNode {\l        shape_id: \"shape_EAkFpmR8W4\",\l    },\l)\l" ]
    4 -> 3 [ label = "IsParameterOf\l" ]
    7 -> 6 [ label = "IsParameterOf\l" ]
    10 -> 9 [ label = "IsParameterOf\l" ]
    12 -> 5 [ label = "IsDescendantOf\l" ]
    13 -> 5 [ label = "IsDescendantOf\l" ]
    14 -> 0 [ label = "IsDescendantOf\l" ]
    14 -> 15 [ label = "BelongsTo\l" ]
    15 -> 13 [ label = "IsFieldOf\l" ]
    16 -> 5 [ label = "IsDescendantOf\l" ]
    17 -> 0 [ label = "IsDescendantOf\l" ]
    17 -> 18 [ label = "BelongsTo\l" ]
    18 -> 16 [ label = "IsFieldOf\l" ]
    19 -> 8 [ label = "IsDescendantOf\l" ]
    20 -> 6 [ label = "IsDescendantOf\l" ]
    20 -> 21 [ label = "BelongsTo\l" ]
    21 -> 16 [ label = "IsFieldOf\l" ]
    20 -> 7 [ label = "HasBinding(\l    ShapeParameterBinding {\l        shape_id: \"shape_p5uOLpFNK8\",\l    },\l)\l" ]
    22 -> 5 [ label = "IsDescendantOf\l" ]
    23 -> 0 [ label = "IsDescendantOf\l" ]
    23 -> 24 [ label = "BelongsTo\l" ]
    24 -> 22 [ label = "IsFieldOf\l" ]
    25 -> 0 [ label = "IsDescendantOf\l" ]
    25 -> 26 [ label = "BelongsTo\l" ]
    26 -> 22 [ label = "IsFieldOf\l" ]
    27 -> 1 [ label = "IsDescendantOf\l" ]
    27 -> 28 [ label = "BelongsTo\l" ]
    28 -> 22 [ label = "IsFieldOf\l" ]
    29 -> 1 [ label = "IsDescendantOf\l" ]
    31 -> 10 [ label = "HasBinding(\l    ShapeParameterBinding {\l        shape_id: \"shape_qxsk3PMiAC\",\l    },\l)\l" ]
    30 -> 13 [ label = "IsFieldOf\l" ]
    31 -> 9 [ label = "IsDescendantOf\l" ]
    31 -> 30 [ label = "BelongsTo\l" ]
}

