---
source: workspaces/diff-engine/tests/domain-conflict-scenarios-generated.rs
expression: "Dot::with_config(&spec_projection.shape().graph, &[])"
---
digraph {
    0 [ label = "CoreShape(\l    CoreShapeNode {\l        shape_id: \"$string\",\l        descriptor: CoreShapeNodeDescriptor {\l            kind: StringKind,\l        },\l    },\l)\l" ]
    1 [ label = "CoreShape(\l    CoreShapeNode {\l        shape_id: \"$number\",\l        descriptor: CoreShapeNodeDescriptor {\l            kind: NumberKind,\l        },\l    },\l)\l" ]
    2 [ label = "CoreShape(\l    CoreShapeNode {\l        shape_id: \"$boolean\",\l        descriptor: CoreShapeNodeDescriptor {\l            kind: BooleanKind,\l        },\l    },\l)\l" ]
    3 [ label = "CoreShape(\l    CoreShapeNode {\l        shape_id: \"$list\",\l        descriptor: CoreShapeNodeDescriptor {\l            kind: ListKind,\l        },\l    },\l)\l" ]
    4 [ label = "ShapeParameter(\l    ShapeParameterNode {\l        parameter_id: \"$listItem\",\l        descriptor: ShapeParameterNodeDescriptor,\l    },\l)\l" ]
    5 [ label = "CoreShape(\l    CoreShapeNode {\l        shape_id: \"$object\",\l        descriptor: CoreShapeNodeDescriptor {\l            kind: ObjectKind,\l        },\l    },\l)\l" ]
    6 [ label = "CoreShape(\l    CoreShapeNode {\l        shape_id: \"$nullable\",\l        descriptor: CoreShapeNodeDescriptor {\l            kind: NullableKind,\l        },\l    },\l)\l" ]
    7 [ label = "ShapeParameter(\l    ShapeParameterNode {\l        parameter_id: \"$nullableInner\",\l        descriptor: ShapeParameterNodeDescriptor,\l    },\l)\l" ]
    8 [ label = "CoreShape(\l    CoreShapeNode {\l        shape_id: \"$unknown\",\l        descriptor: CoreShapeNodeDescriptor {\l            kind: UnknownKind,\l        },\l    },\l)\l" ]
    9 [ label = "CoreShape(\l    CoreShapeNode {\l        shape_id: \"$optional\",\l        descriptor: CoreShapeNodeDescriptor {\l            kind: OptionalKind,\l        },\l    },\l)\l" ]
    10 [ label = "ShapeParameter(\l    ShapeParameterNode {\l        parameter_id: \"$optionalInner\",\l        descriptor: ShapeParameterNodeDescriptor,\l    },\l)\l" ]
    11 [ label = "CoreShape(\l    CoreShapeNode {\l        shape_id: \"$oneOf\",\l        descriptor: CoreShapeNodeDescriptor {\l            kind: OneOfKind,\l        },\l    },\l)\l" ]
    12 [ label = "Shape(\l    ShapeNode {\l        shape_id: \"shape_1T8ZANWIcd\",\l    },\l)\l" ]
    13 [ label = "Shape(\l    ShapeNode {\l        shape_id: \"shape_j1aiWREIbU\",\l    },\l)\l" ]
    14 [ label = "Shape(\l    ShapeNode {\l        shape_id: \"shape_JH0cqjvNSd\",\l    },\l)\l" ]
    15 [ label = "Field(\l    FieldNode {\l        field_id: \"field_OCXyZL2Lyp\",\l        descriptor: FieldNodeDescriptor {\l            name: \"author\",\l        },\l    },\l)\l" ]
    16 [ label = "Shape(\l    ShapeNode {\l        shape_id: \"shape_hnfXS9Vmns\",\l    },\l)\l" ]
    17 [ label = "Field(\l    FieldNode {\l        field_id: \"field_CXHgTtjIPq\",\l        descriptor: FieldNodeDescriptor {\l            name: \"id\",\l        },\l    },\l)\l" ]
    18 [ label = "Shape(\l    ShapeNode {\l        shape_id: \"shape_FIaVxhxPUW\",\l    },\l)\l" ]
    19 [ label = "Field(\l    FieldNode {\l        field_id: \"field_pb75z9dypc\",\l        descriptor: FieldNodeDescriptor {\l            name: \"title\",\l        },\l    },\l)\l" ]
    20 [ label = "Shape(\l    ShapeNode {\l        shape_id: \"shape_E9IzHThmZv\",\l    },\l)\l" ]
    21 [ label = "Shape(\l    ShapeNode {\l        shape_id: \"shape_9t5hqnMMma\",\l    },\l)\l" ]
    22 [ label = "Shape(\l    ShapeNode {\l        shape_id: \"shape_ZVgfHusbJW\",\l    },\l)\l" ]
    23 [ label = "Shape(\l    ShapeNode {\l        shape_id: \"shape_6dDj0Z3HkT\",\l    },\l)\l" ]
    24 [ label = "Field(\l    FieldNode {\l        field_id: \"field_tZbQYoQmxt\",\l        descriptor: FieldNodeDescriptor {\l            name: \"body\",\l        },\l    },\l)\l" ]
    25 [ label = "Shape(\l    ShapeNode {\l        shape_id: \"shape_If49etudqF\",\l    },\l)\l" ]
    26 [ label = "Field(\l    FieldNode {\l        field_id: \"field_UMhLN288Z3\",\l        descriptor: FieldNodeDescriptor {\l            name: \"id\",\l        },\l    },\l)\l" ]
    27 [ label = "Shape(\l    ShapeNode {\l        shape_id: \"shape_VXfig63hnr\",\l    },\l)\l" ]
    28 [ label = "Field(\l    FieldNode {\l        field_id: \"field_VMgg5gTvnO\",\l        descriptor: FieldNodeDescriptor {\l            name: \"postId\",\l        },\l    },\l)\l" ]
    29 [ label = "Shape(\l    ShapeNode {\l        shape_id: \"shape_UlLNexyAzZ\",\l    },\l)\l" ]
    30 [ label = "Shape(\l    ShapeNode {\l        shape_id: \"shape_6TnsL6trq7\",\l    },\l)\l" ]
    31 [ label = "Shape(\l    ShapeNode {\l        shape_id: \"shape_MiVhGwZrMY\",\l    },\l)\l" ]
    32 [ label = "Shape(\l    ShapeNode {\l        shape_id: \"shape_iQB4J3IWzb\",\l    },\l)\l" ]
    33 [ label = "Field(\l    FieldNode {\l        field_id: \"field_SXC48X1nmc\",\l        descriptor: FieldNodeDescriptor {\l            name: \"name\",\l        },\l    },\l)\l" ]
    34 [ label = "Shape(\l    ShapeNode {\l        shape_id: \"shape_PBYuBrTCLk\",\l    },\l)\l" ]
    35 [ label = "Shape(\l    ShapeNode {\l        shape_id: \"shape_bGU4HicHkV\",\l    },\l)\l" ]
    36 [ label = "Shape(\l    ShapeNode {\l        shape_id: \"shape_RvMMDY4eOD\",\l    },\l)\l" ]
    37 [ label = "Field(\l    FieldNode {\l        field_id: \"field_jvGuxAjlRn\",\l        descriptor: FieldNodeDescriptor {\l            name: \"author\",\l        },\l    },\l)\l" ]
    38 [ label = "Shape(\l    ShapeNode {\l        shape_id: \"shape_u6waaccsqU\",\l    },\l)\l" ]
    39 [ label = "Field(\l    FieldNode {\l        field_id: \"field_gGefUJrPwF\",\l        descriptor: FieldNodeDescriptor {\l            name: \"id\",\l        },\l    },\l)\l" ]
    40 [ label = "Shape(\l    ShapeNode {\l        shape_id: \"shape_Mh5lZMGWAO\",\l    },\l)\l" ]
    41 [ label = "Field(\l    FieldNode {\l        field_id: \"field_iYJ7dR4ihV\",\l        descriptor: FieldNodeDescriptor {\l            name: \"title\",\l        },\l    },\l)\l" ]
    42 [ label = "Shape(\l    ShapeNode {\l        shape_id: \"shape_GsyFkrJzlL\",\l    },\l)\l" ]
    43 [ label = "Shape(\l    ShapeNode {\l        shape_id: \"shape_jfIeomMZ5p\",\l    },\l)\l" ]
    44 [ label = "Shape(\l    ShapeNode {\l        shape_id: \"shape_ApnstcbWQx\",\l    },\l)\l" ]
    45 [ label = "Shape(\l    ShapeNode {\l        shape_id: \"shape_sgKygyPuZL\",\l    },\l)\l" ]
    46 [ label = "Field(\l    FieldNode {\l        field_id: \"field_KhuvysQCWY\",\l        descriptor: FieldNodeDescriptor {\l            name: \"name\",\l        },\l    },\l)\l" ]
    4 -> 3 [ label = "IsParameterOf\l" ]
    7 -> 6 [ label = "IsParameterOf\l" ]
    10 -> 9 [ label = "IsParameterOf\l" ]
    12 -> 5 [ label = "IsDescendantOf\l" ]
    13 -> 5 [ label = "IsDescendantOf\l" ]
    14 -> 0 [ label = "IsDescendantOf\l" ]
    14 -> 15 [ label = "BelongsTo\l" ]
    15 -> 13 [ label = "IsFieldOf\l" ]
    16 -> 1 [ label = "IsDescendantOf\l" ]
    16 -> 17 [ label = "BelongsTo\l" ]
    17 -> 13 [ label = "IsFieldOf\l" ]
    18 -> 0 [ label = "IsDescendantOf\l" ]
    18 -> 19 [ label = "BelongsTo\l" ]
    19 -> 13 [ label = "IsFieldOf\l" ]
    20 -> 3 [ label = "IsDescendantOf\l" ]
    20 -> 4 [ label = "HasBinding(\l    ShapeParameterBinding {\l        shape_id: \"shape_j1aiWREIbU\",\l    },\l)\l" ]
    21 -> 5 [ label = "IsDescendantOf\l" ]
    22 -> 5 [ label = "IsDescendantOf\l" ]
    23 -> 0 [ label = "IsDescendantOf\l" ]
    23 -> 24 [ label = "BelongsTo\l" ]
    24 -> 22 [ label = "IsFieldOf\l" ]
    25 -> 1 [ label = "IsDescendantOf\l" ]
    25 -> 26 [ label = "BelongsTo\l" ]
    26 -> 22 [ label = "IsFieldOf\l" ]
    27 -> 1 [ label = "IsDescendantOf\l" ]
    27 -> 28 [ label = "BelongsTo\l" ]
    28 -> 22 [ label = "IsFieldOf\l" ]
    29 -> 3 [ label = "IsDescendantOf\l" ]
    29 -> 4 [ label = "HasBinding(\l    ShapeParameterBinding {\l        shape_id: \"shape_ZVgfHusbJW\",\l    },\l)\l" ]
    30 -> 5 [ label = "IsDescendantOf\l" ]
    31 -> 5 [ label = "IsDescendantOf\l" ]
    32 -> 0 [ label = "IsDescendantOf\l" ]
    32 -> 33 [ label = "BelongsTo\l" ]
    33 -> 31 [ label = "IsFieldOf\l" ]
    34 -> 5 [ label = "IsDescendantOf\l" ]
    35 -> 5 [ label = "IsDescendantOf\l" ]
    36 -> 0 [ label = "IsDescendantOf\l" ]
    36 -> 37 [ label = "BelongsTo\l" ]
    37 -> 35 [ label = "IsFieldOf\l" ]
    38 -> 1 [ label = "IsDescendantOf\l" ]
    38 -> 39 [ label = "BelongsTo\l" ]
    39 -> 35 [ label = "IsFieldOf\l" ]
    40 -> 0 [ label = "IsDescendantOf\l" ]
    40 -> 41 [ label = "BelongsTo\l" ]
    41 -> 35 [ label = "IsFieldOf\l" ]
    42 -> 3 [ label = "IsDescendantOf\l" ]
    42 -> 4 [ label = "HasBinding(\l    ShapeParameterBinding {\l        shape_id: \"shape_bGU4HicHkV\",\l    },\l)\l" ]
    43 -> 5 [ label = "IsDescendantOf\l" ]
    44 -> 5 [ label = "IsDescendantOf\l" ]
    45 -> 0 [ label = "IsDescendantOf\l" ]
    45 -> 46 [ label = "BelongsTo\l" ]
    46 -> 44 [ label = "IsFieldOf\l" ]
}

