---
source: workspaces/diff-engine/tests/domain-conflict-scenarios-generated.rs
expression: "&spec_projection.shapes_serializable()"
---
{
  "nodes": [
    {
      "type": "CoreShape",
      "data": {
        "shapeId": "$string",
        "descriptor": {
          "kind": "StringKind"
        }
      }
    },
    {
      "type": "CoreShape",
      "data": {
        "shapeId": "$number",
        "descriptor": {
          "kind": "NumberKind"
        }
      }
    },
    {
      "type": "CoreShape",
      "data": {
        "shapeId": "$boolean",
        "descriptor": {
          "kind": "BooleanKind"
        }
      }
    },
    {
      "type": "CoreShape",
      "data": {
        "shapeId": "$list",
        "descriptor": {
          "kind": "ListKind"
        }
      }
    },
    {
      "type": "ShapeParameter",
      "data": {
        "parameterId": "$listItem",
        "descriptor": {}
      }
    },
    {
      "type": "CoreShape",
      "data": {
        "shapeId": "$object",
        "descriptor": {
          "kind": "ObjectKind"
        }
      }
    },
    {
      "type": "CoreShape",
      "data": {
        "shapeId": "$nullable",
        "descriptor": {
          "kind": "NullableKind"
        }
      }
    },
    {
      "type": "ShapeParameter",
      "data": {
        "parameterId": "$nullableInner",
        "descriptor": {}
      }
    },
    {
      "type": "CoreShape",
      "data": {
        "shapeId": "$unknown",
        "descriptor": {
          "kind": "UnknownKind"
        }
      }
    },
    {
      "type": "CoreShape",
      "data": {
        "shapeId": "$optional",
        "descriptor": {
          "kind": "OptionalKind"
        }
      }
    },
    {
      "type": "ShapeParameter",
      "data": {
        "parameterId": "$optionalInner",
        "descriptor": {}
      }
    },
    {
      "type": "CoreShape",
      "data": {
        "shapeId": "$oneOf",
        "descriptor": {
          "kind": "OneOfKind"
        }
      }
    },
    {
      "type": "Shape",
      "data": {
        "shapeId": "shape_1T8ZANWIcd"
      }
    },
    {
      "type": "Shape",
      "data": {
        "shapeId": "shape_j1aiWREIbU"
      }
    },
    {
      "type": "Shape",
      "data": {
        "shapeId": "shape_JH0cqjvNSd"
      }
    },
    {
      "type": "Field",
      "data": {
        "fieldId": "field_OCXyZL2Lyp",
        "descriptor": {
          "name": "author"
        }
      }
    },
    {
      "type": "Shape",
      "data": {
        "shapeId": "shape_hnfXS9Vmns"
      }
    },
    {
      "type": "Field",
      "data": {
        "fieldId": "field_CXHgTtjIPq",
        "descriptor": {
          "name": "id"
        }
      }
    },
    {
      "type": "Shape",
      "data": {
        "shapeId": "shape_FIaVxhxPUW"
      }
    },
    {
      "type": "Field",
      "data": {
        "fieldId": "field_pb75z9dypc",
        "descriptor": {
          "name": "title"
        }
      }
    },
    {
      "type": "Shape",
      "data": {
        "shapeId": "shape_E9IzHThmZv"
      }
    },
    {
      "type": "Shape",
      "data": {
        "shapeId": "shape_9t5hqnMMma"
      }
    },
    {
      "type": "Shape",
      "data": {
        "shapeId": "shape_ZVgfHusbJW"
      }
    },
    {
      "type": "Shape",
      "data": {
        "shapeId": "shape_6dDj0Z3HkT"
      }
    },
    {
      "type": "Field",
      "data": {
        "fieldId": "field_tZbQYoQmxt",
        "descriptor": {
          "name": "body"
        }
      }
    },
    {
      "type": "Shape",
      "data": {
        "shapeId": "shape_If49etudqF"
      }
    },
    {
      "type": "Field",
      "data": {
        "fieldId": "field_UMhLN288Z3",
        "descriptor": {
          "name": "id"
        }
      }
    },
    {
      "type": "Shape",
      "data": {
        "shapeId": "shape_VXfig63hnr"
      }
    },
    {
      "type": "Field",
      "data": {
        "fieldId": "field_VMgg5gTvnO",
        "descriptor": {
          "name": "postId"
        }
      }
    },
    {
      "type": "Shape",
      "data": {
        "shapeId": "shape_UlLNexyAzZ"
      }
    },
    {
      "type": "Shape",
      "data": {
        "shapeId": "shape_6TnsL6trq7"
      }
    },
    {
      "type": "Shape",
      "data": {
        "shapeId": "shape_MiVhGwZrMY"
      }
    },
    {
      "type": "Shape",
      "data": {
        "shapeId": "shape_iQB4J3IWzb"
      }
    },
    {
      "type": "Field",
      "data": {
        "fieldId": "field_SXC48X1nmc",
        "descriptor": {
          "name": "name"
        }
      }
    },
    {
      "type": "Shape",
      "data": {
        "shapeId": "shape_PBYuBrTCLk"
      }
    },
    {
      "type": "Shape",
      "data": {
        "shapeId": "shape_bGU4HicHkV"
      }
    },
    {
      "type": "Shape",
      "data": {
        "shapeId": "shape_RvMMDY4eOD"
      }
    },
    {
      "type": "Field",
      "data": {
        "fieldId": "field_jvGuxAjlRn",
        "descriptor": {
          "name": "author"
        }
      }
    },
    {
      "type": "Shape",
      "data": {
        "shapeId": "shape_u6waaccsqU"
      }
    },
    {
      "type": "Field",
      "data": {
        "fieldId": "field_gGefUJrPwF",
        "descriptor": {
          "name": "id"
        }
      }
    },
    {
      "type": "Shape",
      "data": {
        "shapeId": "shape_Mh5lZMGWAO"
      }
    },
    {
      "type": "Field",
      "data": {
        "fieldId": "field_iYJ7dR4ihV",
        "descriptor": {
          "name": "title"
        }
      }
    },
    {
      "type": "Shape",
      "data": {
        "shapeId": "shape_GsyFkrJzlL"
      }
    },
    {
      "type": "Shape",
      "data": {
        "shapeId": "shape_jfIeomMZ5p"
      }
    },
    {
      "type": "Shape",
      "data": {
        "shapeId": "shape_ApnstcbWQx"
      }
    },
    {
      "type": "Shape",
      "data": {
        "shapeId": "shape_sgKygyPuZL"
      }
    },
    {
      "type": "Field",
      "data": {
        "fieldId": "field_KhuvysQCWY",
        "descriptor": {
          "name": "name"
        }
      }
    }
  ],
  "edges": [
    [
      4,
      3,
      {
        "type": "IsParameterOf"
      }
    ],
    [
      7,
      6,
      {
        "type": "IsParameterOf"
      }
    ],
    [
      10,
      9,
      {
        "type": "IsParameterOf"
      }
    ],
    [
      12,
      5,
      {
        "type": "IsDescendantOf"
      }
    ],
    [
      13,
      5,
      {
        "type": "IsDescendantOf"
      }
    ],
    [
      14,
      0,
      {
        "type": "IsDescendantOf"
      }
    ],
    [
      14,
      15,
      {
        "type": "BelongsTo"
      }
    ],
    [
      15,
      13,
      {
        "type": "IsFieldOf"
      }
    ],
    [
      16,
      1,
      {
        "type": "IsDescendantOf"
      }
    ],
    [
      16,
      17,
      {
        "type": "BelongsTo"
      }
    ],
    [
      17,
      13,
      {
        "type": "IsFieldOf"
      }
    ],
    [
      18,
      0,
      {
        "type": "IsDescendantOf"
      }
    ],
    [
      18,
      19,
      {
        "type": "BelongsTo"
      }
    ],
    [
      19,
      13,
      {
        "type": "IsFieldOf"
      }
    ],
    [
      20,
      3,
      {
        "type": "IsDescendantOf"
      }
    ],
    [
      20,
      4,
      {
        "type": "HasBinding",
        "data": {
          "shapeId": "shape_j1aiWREIbU"
        }
      }
    ],
    [
      21,
      5,
      {
        "type": "IsDescendantOf"
      }
    ],
    [
      22,
      5,
      {
        "type": "IsDescendantOf"
      }
    ],
    [
      23,
      0,
      {
        "type": "IsDescendantOf"
      }
    ],
    [
      23,
      24,
      {
        "type": "BelongsTo"
      }
    ],
    [
      24,
      22,
      {
        "type": "IsFieldOf"
      }
    ],
    [
      25,
      1,
      {
        "type": "IsDescendantOf"
      }
    ],
    [
      25,
      26,
      {
        "type": "BelongsTo"
      }
    ],
    [
      26,
      22,
      {
        "type": "IsFieldOf"
      }
    ],
    [
      27,
      1,
      {
        "type": "IsDescendantOf"
      }
    ],
    [
      27,
      28,
      {
        "type": "BelongsTo"
      }
    ],
    [
      28,
      22,
      {
        "type": "IsFieldOf"
      }
    ],
    [
      29,
      3,
      {
        "type": "IsDescendantOf"
      }
    ],
    [
      29,
      4,
      {
        "type": "HasBinding",
        "data": {
          "shapeId": "shape_ZVgfHusbJW"
        }
      }
    ],
    [
      30,
      5,
      {
        "type": "IsDescendantOf"
      }
    ],
    [
      31,
      5,
      {
        "type": "IsDescendantOf"
      }
    ],
    [
      32,
      0,
      {
        "type": "IsDescendantOf"
      }
    ],
    [
      32,
      33,
      {
        "type": "BelongsTo"
      }
    ],
    [
      33,
      31,
      {
        "type": "IsFieldOf"
      }
    ],
    [
      34,
      5,
      {
        "type": "IsDescendantOf"
      }
    ],
    [
      35,
      5,
      {
        "type": "IsDescendantOf"
      }
    ],
    [
      36,
      0,
      {
        "type": "IsDescendantOf"
      }
    ],
    [
      36,
      37,
      {
        "type": "BelongsTo"
      }
    ],
    [
      37,
      35,
      {
        "type": "IsFieldOf"
      }
    ],
    [
      38,
      1,
      {
        "type": "IsDescendantOf"
      }
    ],
    [
      38,
      39,
      {
        "type": "BelongsTo"
      }
    ],
    [
      39,
      35,
      {
        "type": "IsFieldOf"
      }
    ],
    [
      40,
      0,
      {
        "type": "IsDescendantOf"
      }
    ],
    [
      40,
      41,
      {
        "type": "BelongsTo"
      }
    ],
    [
      41,
      35,
      {
        "type": "IsFieldOf"
      }
    ],
    [
      42,
      3,
      {
        "type": "IsDescendantOf"
      }
    ],
    [
      42,
      4,
      {
        "type": "HasBinding",
        "data": {
          "shapeId": "shape_bGU4HicHkV"
        }
      }
    ],
    [
      43,
      5,
      {
        "type": "IsDescendantOf"
      }
    ],
    [
      44,
      5,
      {
        "type": "IsDescendantOf"
      }
    ],
    [
      45,
      0,
      {
        "type": "IsDescendantOf"
      }
    ],
    [
      45,
      46,
      {
        "type": "BelongsTo"
      }
    ],
    [
      46,
      44,
      {
        "type": "IsFieldOf"
      }
    ]
  ],
  "nodeIndexToId": {
    "0": "$string",
    "1": "$number",
    "10": "$optionalInner",
    "11": "$oneOf",
    "12": "shape_1T8ZANWIcd",
    "13": "shape_j1aiWREIbU",
    "14": "shape_JH0cqjvNSd",
    "15": "field_OCXyZL2Lyp",
    "16": "shape_hnfXS9Vmns",
    "17": "field_CXHgTtjIPq",
    "18": "shape_FIaVxhxPUW",
    "19": "field_pb75z9dypc",
    "2": "$boolean",
    "20": "shape_E9IzHThmZv",
    "21": "shape_9t5hqnMMma",
    "22": "shape_ZVgfHusbJW",
    "23": "shape_6dDj0Z3HkT",
    "24": "field_tZbQYoQmxt",
    "25": "shape_If49etudqF",
    "26": "field_UMhLN288Z3",
    "27": "shape_VXfig63hnr",
    "28": "field_VMgg5gTvnO",
    "29": "shape_UlLNexyAzZ",
    "3": "$list",
    "30": "shape_6TnsL6trq7",
    "31": "shape_MiVhGwZrMY",
    "32": "shape_iQB4J3IWzb",
    "33": "field_SXC48X1nmc",
    "34": "shape_PBYuBrTCLk",
    "35": "shape_bGU4HicHkV",
    "36": "shape_RvMMDY4eOD",
    "37": "field_jvGuxAjlRn",
    "38": "shape_u6waaccsqU",
    "39": "field_gGefUJrPwF",
    "4": "$listItem",
    "40": "shape_Mh5lZMGWAO",
    "41": "field_iYJ7dR4ihV",
    "42": "shape_GsyFkrJzlL",
    "43": "shape_jfIeomMZ5p",
    "44": "shape_ApnstcbWQx",
    "45": "shape_sgKygyPuZL",
    "46": "field_KhuvysQCWY",
    "5": "$object",
    "6": "$nullable",
    "7": "$nullableInner",
    "8": "$unknown",
    "9": "$optional"
  }
}
