---
source: workspaces/diff-engine/tests/domain-conflict-scenarios-generated.rs
expression: "Dot::with_config(&spec_projection.shape().graph, &[])"
---
digraph {
    0 [ label = "CoreShape(\l    CoreShapeNode {\l        shape_id: \"$string\",\l        descriptor: CoreShapeNodeDescriptor {\l            kind: StringKind,\l        },\l    },\l)\l" ]
    1 [ label = "CoreShape(\l    CoreShapeNode {\l        shape_id: \"$number\",\l        descriptor: CoreShapeNodeDescriptor {\l            kind: NumberKind,\l        },\l    },\l)\l" ]
    2 [ label = "CoreShape(\l    CoreShapeNode {\l        shape_id: \"$boolean\",\l        descriptor: CoreShapeNodeDescriptor {\l            kind: BooleanKind,\l        },\l    },\l)\l" ]
    3 [ label = "CoreShape(\l    CoreShapeNode {\l        shape_id: \"$list\",\l        descriptor: CoreShapeNodeDescriptor {\l            kind: ListKind,\l        },\l    },\l)\l" ]
    4 [ label = "ShapeParameter(\l    ShapeParameterNode {\l        parameter_id: \"$listItem\",\l        descriptor: ShapeParameterNodeDescriptor,\l    },\l)\l" ]
    5 [ label = "CoreShape(\l    CoreShapeNode {\l        shape_id: \"$object\",\l        descriptor: CoreShapeNodeDescriptor {\l            kind: ObjectKind,\l        },\l    },\l)\l" ]
    6 [ label = "CoreShape(\l    CoreShapeNode {\l        shape_id: \"$nullable\",\l        descriptor: CoreShapeNodeDescriptor {\l            kind: NullableKind,\l        },\l    },\l)\l" ]
    7 [ label = "ShapeParameter(\l    ShapeParameterNode {\l        parameter_id: \"$nullableInner\",\l        descriptor: ShapeParameterNodeDescriptor,\l    },\l)\l" ]
    8 [ label = "CoreShape(\l    CoreShapeNode {\l        shape_id: \"$unknown\",\l        descriptor: CoreShapeNodeDescriptor {\l            kind: UnknownKind,\l        },\l    },\l)\l" ]
    9 [ label = "CoreShape(\l    CoreShapeNode {\l        shape_id: \"$optional\",\l        descriptor: CoreShapeNodeDescriptor {\l            kind: OptionalKind,\l        },\l    },\l)\l" ]
    10 [ label = "ShapeParameter(\l    ShapeParameterNode {\l        parameter_id: \"$optionalInner\",\l        descriptor: ShapeParameterNodeDescriptor,\l    },\l)\l" ]
    11 [ label = "CoreShape(\l    CoreShapeNode {\l        shape_id: \"$oneOf\",\l        descriptor: CoreShapeNodeDescriptor {\l            kind: OneOfKind,\l        },\l    },\l)\l" ]
    12 [ label = "Shape(\l    ShapeNode {\l        shape_id: \"shape_6jDgwnsBIS\",\l    },\l)\l" ]
    13 [ label = "Shape(\l    ShapeNode {\l        shape_id: \"shape_UzxFqwGJ8h\",\l    },\l)\l" ]
    14 [ label = "Shape(\l    ShapeNode {\l        shape_id: \"shape_MuzY5JgqlX\",\l    },\l)\l" ]
    15 [ label = "Field(\l    FieldNode {\l        field_id: \"field_BbqlNm0IrO\",\l        descriptor: FieldNodeDescriptor {\l            name: \"author\",\l        },\l    },\l)\l" ]
    16 [ label = "Shape(\l    ShapeNode {\l        shape_id: \"shape_vjc8zOCKL7\",\l    },\l)\l" ]
    17 [ label = "Field(\l    FieldNode {\l        field_id: \"field_agNCpLfAQW\",\l        descriptor: FieldNodeDescriptor {\l            name: \"id\",\l        },\l    },\l)\l" ]
    18 [ label = "Shape(\l    ShapeNode {\l        shape_id: \"shape_N0zGjTOmjb\",\l    },\l)\l" ]
    19 [ label = "Field(\l    FieldNode {\l        field_id: \"field_eMDZZdHr0p\",\l        descriptor: FieldNodeDescriptor {\l            name: \"title\",\l        },\l    },\l)\l" ]
    20 [ label = "Shape(\l    ShapeNode {\l        shape_id: \"shape_KGAzNVDmp3\",\l    },\l)\l" ]
    21 [ label = "Field(\l    FieldNode {\l        field_id: \"field_CqWz6xVFHb\",\l        descriptor: FieldNodeDescriptor {\l            name: \"color\",\l        },\l    },\l)\l" ]
    22 [ label = "Shape(\l    ShapeNode {\l        shape_id: \"shape_oXDbLBSNB3\",\l    },\l)\l" ]
    23 [ label = "Field(\l    FieldNode {\l        field_id: \"field_vgnTR30nGU\",\l        descriptor: FieldNodeDescriptor {\l            name: \"rank\",\l        },\l    },\l)\l" ]
    24 [ label = "Shape(\l    ShapeNode {\l        shape_id: \"shape_UmdGwe9ZXw\",\l    },\l)\l" ]
    25 [ label = "Field(\l    FieldNode {\l        field_id: \"field_0Gsxw9zhsc\",\l        descriptor: FieldNodeDescriptor {\l            name: \"color\",\l        },\l    },\l)\l" ]
    26 [ label = "Shape(\l    ShapeNode {\l        shape_id: \"shape_qw3EfisIOL\",\l    },\l)\l" ]
    27 [ label = "Shape(\l    ShapeNode {\l        shape_id: \"shape_m0tBaSSxY5\",\l    },\l)\l" ]
    28 [ label = "Field(\l    FieldNode {\l        field_id: \"field_9JoXLW4PMX\",\l        descriptor: FieldNodeDescriptor {\l            name: \"cars\",\l        },\l    },\l)\l" ]
    4 -> 3 [ label = "IsParameterOf\l" ]
    7 -> 6 [ label = "IsParameterOf\l" ]
    10 -> 9 [ label = "IsParameterOf\l" ]
    12 -> 5 [ label = "IsDescendantOf\l" ]
    13 -> 5 [ label = "IsDescendantOf\l" ]
    14 -> 0 [ label = "IsDescendantOf\l" ]
    14 -> 15 [ label = "BelongsTo\l" ]
    15 -> 13 [ label = "IsFieldOf\l" ]
    16 -> 1 [ label = "IsDescendantOf\l" ]
    16 -> 17 [ label = "BelongsTo\l" ]
    17 -> 13 [ label = "IsFieldOf\l" ]
    18 -> 0 [ label = "IsDescendantOf\l" ]
    18 -> 19 [ label = "BelongsTo\l" ]
    19 -> 13 [ label = "IsFieldOf\l" ]
    20 -> 0 [ label = "IsDescendantOf\l" ]
    20 -> 21 [ label = "BelongsTo\l" ]
    21 -> 13 [ label = "IsFieldOf\l" ]
    22 -> 1 [ label = "IsDescendantOf\l" ]
    22 -> 23 [ label = "BelongsTo\l" ]
    23 -> 13 [ label = "IsFieldOf\l" ]
    24 -> 0 [ label = "IsDescendantOf\l" ]
    24 -> 25 [ label = "BelongsTo\l" ]
    25 -> 13 [ label = "IsFieldOf\l" ]
    26 -> 0 [ label = "IsDescendantOf\l" ]
    27 -> 3 [ label = "IsDescendantOf\l" ]
    27 -> 4 [ label = "HasBinding(\l    ShapeParameterBinding {\l        shape_id: \"shape_qw3EfisIOL\",\l    },\l)\l" ]
    27 -> 28 [ label = "BelongsTo\l" ]
    28 -> 13 [ label = "IsFieldOf\l" ]
}

