---
source: workspaces/diff-engine/tests/domain-conflict-scenarios-generated.rs
expression: "Dot::with_config(&spec_projection.spectacle_endpoints().graph, &[])"
---
digraph {
    0 [ label = "Path(\l    PathNode {\l        absolute_path_pattern: \"/\",\l        path_id: \"root\",\l    },\l)\l" ]
    1 [ label = "Path(\l    PathNode {\l        absolute_path_pattern: \"/posts\",\l        path_id: \"path_9Wdr4kyshW\",\l    },\l)\l" ]
    2 [ label = "Path(\l    PathNode {\l        absolute_path_pattern: \"/comments\",\l        path_id: \"path_8paa69fCfC\",\l    },\l)\l" ]
    3 [ label = "Path(\l    PathNode {\l        absolute_path_pattern: \"/profile\",\l        path_id: \"path_osi3pD8diw\",\l    },\l)\l" ]
    4 [ label = "Request(\l    RequestNode {\l        http_method: \"GET\",\l        request_id: \"request_w0KmJ5kZIe\",\l    },\l)\l" ]
    5 [ label = "Response(\l    ResponseNode {\l        http_method: \"GET\",\l        http_status_code: 200,\l        response_id: \"response_iQd5ISIZH9\",\l    },\l)\l" ]
    6 [ label = "Body(\l    BodyNode {\l        http_content_type: \"application/json\",\l        root_shape_id: \"shape_E9IzHThmZv\",\l    },\l)\l" ]
    7 [ label = "Request(\l    RequestNode {\l        http_method: \"GET\",\l        request_id: \"request_CEJzcYN3NN\",\l    },\l)\l" ]
    8 [ label = "Response(\l    ResponseNode {\l        http_method: \"GET\",\l        http_status_code: 200,\l        response_id: \"response_ata4rM8zB1\",\l    },\l)\l" ]
    9 [ label = "Body(\l    BodyNode {\l        http_content_type: \"application/json\",\l        root_shape_id: \"shape_UlLNexyAzZ\",\l    },\l)\l" ]
    10 [ label = "Request(\l    RequestNode {\l        http_method: \"GET\",\l        request_id: \"request_AJISCmgnoU\",\l    },\l)\l" ]
    11 [ label = "Response(\l    ResponseNode {\l        http_method: \"GET\",\l        http_status_code: 200,\l        response_id: \"response_HZFYN85Iui\",\l    },\l)\l" ]
    12 [ label = "Body(\l    BodyNode {\l        http_content_type: \"application/json\",\l        root_shape_id: \"shape_MiVhGwZrMY\",\l    },\l)\l" ]
    13 [ label = "Path(\l    PathNode {\l        absolute_path_pattern: \"/posts\",\l        path_id: \"path_rmPGKep5SW\",\l    },\l)\l" ]
    14 [ label = "Path(\l    PathNode {\l        absolute_path_pattern: \"/profile\",\l        path_id: \"path_CmA4ZrhSXc\",\l    },\l)\l" ]
    15 [ label = "Request(\l    RequestNode {\l        http_method: \"GET\",\l        request_id: \"request_lUXaqigODI\",\l    },\l)\l" ]
    16 [ label = "Response(\l    ResponseNode {\l        http_method: \"GET\",\l        http_status_code: 200,\l        response_id: \"response_zEjgh3n6Uq\",\l    },\l)\l" ]
    17 [ label = "Body(\l    BodyNode {\l        http_content_type: \"application/json\",\l        root_shape_id: \"shape_GsyFkrJzlL\",\l    },\l)\l" ]
    18 [ label = "Request(\l    RequestNode {\l        http_method: \"GET\",\l        request_id: \"request_ncEWlZU2g3\",\l    },\l)\l" ]
    19 [ label = "Response(\l    ResponseNode {\l        http_method: \"GET\",\l        http_status_code: 200,\l        response_id: \"response_pan3yNmeiQ\",\l    },\l)\l" ]
    20 [ label = "Body(\l    BodyNode {\l        http_content_type: \"application/json\",\l        root_shape_id: \"shape_ApnstcbWQx\",\l    },\l)\l" ]
    4 -> 1 [ label = "IsChildOf\l" ]
    5 -> 1 [ label = "IsChildOf\l" ]
    6 -> 5 [ label = "IsChildOf\l" ]
    7 -> 2 [ label = "IsChildOf\l" ]
    8 -> 2 [ label = "IsChildOf\l" ]
    9 -> 8 [ label = "IsChildOf\l" ]
    10 -> 3 [ label = "IsChildOf\l" ]
    11 -> 3 [ label = "IsChildOf\l" ]
    12 -> 11 [ label = "IsChildOf\l" ]
    15 -> 13 [ label = "IsChildOf\l" ]
    16 -> 13 [ label = "IsChildOf\l" ]
    17 -> 16 [ label = "IsChildOf\l" ]
    18 -> 14 [ label = "IsChildOf\l" ]
    19 -> 14 [ label = "IsChildOf\l" ]
    20 -> 19 [ label = "IsChildOf\l" ]
}

