---
source: workspaces/diff-engine/tests/shape_diff.rs
expression: results
---
[
    UnmatchedShape {
        json_trail: JsonTrail {
            path: [
                JsonArrayItem {
                    index: 0,
                },
            ],
            normalized: [
                JsonArrayItem {
                    index: 0,
                },
            ],
        },
        shape_trail: ShapeTrail {
            root_shape_id: "list_1",
            path: [
                ListItemTrail {
                    list_shape_id: "list_1",
                    item_shape_id: "number_shape_1",
                },
            ],
        },
    },
    UnmatchedShape {
        json_trail: JsonTrail {
            path: [
                JsonArrayItem {
                    index: 4,
                },
            ],
            normalized: [
                JsonArrayItem {
                    index: 0,
                },
            ],
        },
        shape_trail: ShapeTrail {
            root_shape_id: "list_1",
            path: [
                ListItemTrail {
                    list_shape_id: "list_1",
                    item_shape_id: "number_shape_1",
                },
            ],
        },
    },
    UnmatchedShape {
        json_trail: JsonTrail {
            path: [
                JsonArrayItem {
                    index: 6,
                },
            ],
            normalized: [
                JsonArrayItem {
                    index: 0,
                },
            ],
        },
        shape_trail: ShapeTrail {
            root_shape_id: "list_1",
            path: [
                ListItemTrail {
                    list_shape_id: "list_1",
                    item_shape_id: "number_shape_1",
                },
            ],
        },
    },
]
